exports[`test Renders properly 1`] = `
<div>
  Loading...
</div>
`;
