exports[`test Renders properly 1`] = `
<Grid>
  <Cell
    col={6}>
    <h3>
      Men
    </h3>
    <Connect(CrewAdminList)
      sex="male" />
  </Cell>
  <Cell
    col={6}>
    <h3>
      Women
    </h3>
    <Connect(CrewAdminList)
      sex="female" />
  </Cell>
</Grid>
`;
