exports[`test Renders properly 1`] = `
<div>
  <div
    className="random div" />
</div>
`;
