exports[`test Renders properly 1`] = `
<Card
  expandable={false}
  expanded={null}
  initiallyExpanded={false}>
  <CardTitle
    title="Users" />
  <CardText>
    <Table
      allRowsSelected={false}
      fixedFooter={true}
      fixedHeader={true}
      height="inherit"
      multiSelectable={false}
      selectable={false}>
      <TableHeader
        adjustForCheckbox={false}
        displaySelectAll={false}
        enableSelectAll={true}
        selectAllSelected={false}>
        <TableRow
          displayBorder={true}
          hoverable={false}
          hovered={false}
          selectable={true}
          selected={false}
          striped={false}>
          <TableHeaderColumn>
            ID
          </TableHeaderColumn>
          <TableHeaderColumn>
            Login
          </TableHeaderColumn>
          <TableHeaderColumn>
            First Name
          </TableHeaderColumn>
          <TableHeaderColumn>
            Last Name
          </TableHeaderColumn>
          <TableHeaderColumn>
            Activated
          </TableHeaderColumn>
          <TableHeaderColumn />
        </TableRow>
      </TableHeader>
      <TableBody
        allRowsSelected={false}
        deselectOnClickaway={true}
        displayRowCheckbox={false}
        multiSelectable={false}
        preScanRows={true}
        selectable={true}
        style={Object {}}>
        <TableRow
          displayBorder={true}
          hoverable={false}
          hovered={false}
          selectable={true}
          selected={false}
          striped={false}>
          <TableRowColumn
            hoverable={false}>
            4
          </TableRowColumn>
          <TableRowColumn
            hoverable={false}>
            user4
          </TableRowColumn>
          <TableRowColumn
            hoverable={false}>
            Joe
          </TableRowColumn>
          <TableRowColumn
            hoverable={false}>
            Bloggs
          </TableRowColumn>
          <TableRowColumn
            hoverable={false}>
            <Checkbox
              checked={true}
              disabled={false}
              labelPosition="right" />
          </TableRowColumn>
          <TableRowColumn
            hoverable={false}>
            <RaisedButton
              containerElement={
                <Link
                  onlyActiveOnIndex={false}
                  style={Object {}}
                  to="/admin/users/4" />
              }
              disabled={false}
              fullWidth={false}
              icon={<EditorModeEdit />}
              labelPosition="after"
              primary={false}
              secondary={false} />
          </TableRowColumn>
        </TableRow>
        <TableRow
          displayBorder={true}
          hoverable={false}
          hovered={false}
          selectable={true}
          selected={false}
          striped={false}>
          <TableRowColumn
            hoverable={false}>
            5
          </TableRowColumn>
          <TableRowColumn
            hoverable={false}>
            user5
          </TableRowColumn>
          <TableRowColumn
            hoverable={false}>
            John
          </TableRowColumn>
          <TableRowColumn
            hoverable={false}>
            Smith
          </TableRowColumn>
          <TableRowColumn
            hoverable={false}>
            <Checkbox
              checked={true}
              disabled={false}
              labelPosition="right" />
          </TableRowColumn>
          <TableRowColumn
            hoverable={false}>
            <RaisedButton
              containerElement={
                <Link
                  onlyActiveOnIndex={false}
                  style={Object {}}
                  to="/admin/users/5" />
              }
              disabled={false}
              fullWidth={false}
              icon={<EditorModeEdit />}
              labelPosition="after"
              primary={false}
              secondary={false} />
          </TableRowColumn>
        </TableRow>
        <TableRow
          displayBorder={true}
          hoverable={false}
          hovered={false}
          selectable={true}
          selected={false}
          striped={false}>
          <TableRowColumn
            hoverable={false}>
            7
          </TableRowColumn>
          <TableRowColumn
            hoverable={false}>
            user6
          </TableRowColumn>
          <TableRowColumn
            hoverable={false}>
            Jane
          </TableRowColumn>
          <TableRowColumn
            hoverable={false}>
            Smith
          </TableRowColumn>
          <TableRowColumn
            hoverable={false}>
            <Checkbox
              checked={false}
              disabled={false}
              labelPosition="right" />
          </TableRowColumn>
          <TableRowColumn
            hoverable={false}>
            <RaisedButton
              containerElement={
                <Link
                  onlyActiveOnIndex={false}
                  style={Object {}}
                  to="/admin/users/7" />
              }
              disabled={false}
              fullWidth={false}
              icon={<EditorModeEdit />}
              labelPosition="after"
              primary={false}
              secondary={false} />
          </TableRowColumn>
        </TableRow>
        <TableRow
          displayBorder={true}
          hoverable={false}
          hovered={false}
          selectable={true}
          selected={false}
          striped={false}>
          <TableRowColumn
            hoverable={false}>
            9
          </TableRowColumn>
          <TableRowColumn
            hoverable={false}>
            bump9
          </TableRowColumn>
          <TableRowColumn
            hoverable={false}>
            Jane
          </TableRowColumn>
          <TableRowColumn
            hoverable={false}>
            Doe
          </TableRowColumn>
          <TableRowColumn
            hoverable={false}>
            <Checkbox
              checked={true}
              disabled={false}
              labelPosition="right" />
          </TableRowColumn>
          <TableRowColumn
            hoverable={false}>
            <RaisedButton
              containerElement={
                <Link
                  onlyActiveOnIndex={false}
                  style={Object {}}
                  to="/admin/users/9" />
              }
              disabled={false}
              fullWidth={false}
              icon={<EditorModeEdit />}
              labelPosition="after"
              primary={false}
              secondary={false} />
          </TableRowColumn>
        </TableRow>
      </TableBody>
    </Table>
  </CardText>
</Card>
`;
