exports[`test Renders properly 1`] = `
<Grid>
  <Cell
    col={6}>
    <Connect(CrewDetails)
      crewId="1" />
  </Cell>
  <Cell
    col={6}>
    <Connect(CrewMemberList)
      crewId="1" />
  </Cell>
  <Cell
    col={12}>
    <Connect(CrewPriceHistory)
      crewId="1" />
  </Cell>
</Grid>
`;
